<?xml version="1.0" encoding="utf-8"?><testsuites><testsuite name="pytest" errors="0" failures="0" skipped="0" tests="13" time="74.879" timestamp="2026-03-13T14:31:28.498431" hostname="Akshaya"><testcase classname="tests.test_auth.TestAuth" name="test_valid_admin_login" time="7.245" /><testcase classname="tests.test_browser_interactions.TestBrowserInteractions" name="test_alerts_handling" time="11.777" /><testcase classname="tests.test_debug_login_page" name="test_debug_projects_page" time="14.982" /><testcase classname="tests.test_auth.TestAuth" name="test_invalid_login_matrix[admin@example.com-WrongPass123-wrong_password]" time="20.683" /><testcase classname="tests.test_browser_interactions.TestBrowserInteractions" name="test_frames_and_windows" time="9.414" /><testcase classname="tests.test_debug_login_page" name="test_debug_tasks_page" time="10.371" /><testcase classname="tests.test_debug_projects_tasks" name="test_debug_projects_page" time="5.183" /><testcase classname="tests.test_projects_tasks.TestProjectsTasks" name="test_project_creation" time="5.472" /><testcase classname="tests.test_debug_projects_tasks" name="test_debug_tasks_page" time="8.199" /><testcase classname="tests.test_auth.TestAuth" name="test_invalid_login_matrix[invalid-email-format-Admin@123-invalid_email]" time="6.389" /><testcase classname="tests.test_projects_tasks.TestProjectsTasks" name="test_task_status_update" time="9.950" /><testcase classname="tests.test_auth.TestAuth" name="test_invalid_login_matrix[--empty_fields]" time="9.874" /><testcase classname="tests.test_access_control.TestAccessControl" name="test_non_admin_access_restriction" time="38.533" /></testsuite></testsuites>